[09:00:41] Running on: Arch Linux
[09:00:41] PHASE: 1. PREREQUISITES CHECK
[09:00:41] Detected OS: Arch Linux
[09:00:41] Checking Node.js...
[09:00:41] ✅ Node.js v22.23.2
[09:00:41] Checking pnpm...
[09:00:42] ✅ pnpm v9.15.9
[09:00:42] Checking Docker...
[09:00:42] ✅ Docker OK
[09:00:42] Checking systemd...
[09:00:42] ✅ systemd OK
[09:00:42] Checking Git repository...
[09:00:42] ✅ Git repository OK
[09:00:42] Checking required directories...
[09:00:42] ✅ Required directories OK
[09:00:42] ✅ Prerequisites check passed
[09:00:42] PHASE: 2. ENVIRONMENT CONFIGURATION
[09:00:42] Checking environment template...
[09:00:42] ✅ Environment template found
[09:00:42] Checking existing environment file...
[09:00:42] Environment file already exists. Use --force to overwrite.
[09:00:42] Current file will be used. Review and update manually if needed.
[09:00:42] PHASE: 3. SYSTEMD SERVICE SETUP
[09:00:42] Creating systemd service file...
[09:00:42] ✅ Systemd service file created: /etc/systemd/system/arch-systems.service
[09:00:42] Reloading systemd daemon...
[09:00:43] ✅ Systemd daemon reloaded
[09:00:43] Enabling arch-systems service...
[09:00:44] ✅ Service enabled (will start on boot)
[09:00:44] To start the service now, run: sudo systemctl start arch-systems
[09:00:44] To check status: sudo systemctl status arch-systems
[09:00:44] To view logs: sudo journalctl -u arch-systems -f
[09:00:44] PHASE: 4. ESSENTIAL SERVICES SETUP
[09:00:44] Checking Supabase configuration...
[09:00:44] ✅ Using external Supabase instance
[09:00:44] Ensure external Supabase is accessible and configured
[09:00:44] Checking Redis...
[09:00:44] Redis is not running
[09:00:44] Starting Redis server...
[09:00:44] ✅ Redis server started via redis-server
[09:00:44] Redis still not responding. Manual intervention may be required
[09:00:44] PHASE: 5. DOCKER TOOLS STACK SETUP
[09:00:44] Checking Docker Compose configuration...
[09:00:44] Checking .env.tools configuration...
[09:00:44] Starting Docker tools stack...
