[09:08:54] Running on: Arch Linux
[09:08:54] PHASE: 1. PREREQUISITES CHECK
[09:08:54] Detected OS: Arch Linux
[09:08:54] Checking Node.js...
[09:08:54] ✅ Node.js v22.23.2
[09:08:54] Checking pnpm...
[09:08:54] ✅ pnpm v9.15.9
[09:08:54] Checking Docker...
[09:08:54] ✅ Docker OK
[09:08:54] Checking systemd...
[09:08:54] ✅ systemd OK
[09:08:54] Checking Git repository...
[09:08:54] ✅ Git repository OK
[09:08:54] Checking required directories...
[09:08:54] ✅ Required directories OK
[09:08:54] ✅ Prerequisites check passed
[09:08:54] PHASE: 2. ENVIRONMENT CONFIGURATION
[09:08:54] Checking environment template...
[09:08:54] ✅ Environment template found
[09:08:54] Checking existing environment file...
[09:08:54] Environment file already exists. Use --force to overwrite.
[09:08:54] Current file will be used. Review and update manually if needed.
[09:08:54] PHASE: 3. SYSTEMD SERVICE SETUP
[09:08:54] Creating systemd service file...
[09:08:54] ✅ Systemd service file created: /etc/systemd/system/arch-systems.service
[09:08:54] Reloading systemd daemon...
[09:08:54] ✅ Systemd daemon reloaded
[09:08:54] Enabling arch-systems service...
[09:08:55] ✅ Service enabled (will start on boot)
[09:08:55] To start the service now, run: sudo systemctl start arch-systems
[09:08:55] To check status: sudo systemctl status arch-systems
[09:08:55] To view logs: sudo journalctl -u arch-systems -f
[09:08:55] PHASE: 4. ESSENTIAL SERVICES SETUP
[09:08:55] Checking Supabase configuration...
[09:08:55] ✅ Using external Supabase instance
[09:08:55] Ensure external Supabase is accessible and configured
[09:08:55] Checking Redis...
[09:08:55] ✅ Redis is running
[09:08:55] PHASE: 5. DOCKER TOOLS STACK SETUP
[09:08:55] Checking Docker Compose configuration...
[09:08:55] Checking .env.tools configuration...
[09:08:55] Starting Docker tools stack...
